// Jest Snapshot v1, https://goo.gl/fbAQLP

exports[`Snapshot 1`] = `
{
  "Mappings": {
    "ServiceprincipalMap": {
      "af-south-1": {
        "states": "states.af-south-1.amazonaws.com",
      },
      "ap-east-1": {
        "states": "states.ap-east-1.amazonaws.com",
      },
      "ap-northeast-1": {
        "states": "states.ap-northeast-1.amazonaws.com",
      },
      "ap-northeast-2": {
        "states": "states.ap-northeast-2.amazonaws.com",
      },
      "ap-northeast-3": {
        "states": "states.ap-northeast-3.amazonaws.com",
      },
      "ap-south-1": {
        "states": "states.ap-south-1.amazonaws.com",
      },
      "ap-south-2": {
        "states": "states.ap-south-2.amazonaws.com",
      },
      "ap-southeast-1": {
        "states": "states.ap-southeast-1.amazonaws.com",
      },
      "ap-southeast-2": {
        "states": "states.ap-southeast-2.amazonaws.com",
      },
      "ap-southeast-3": {
        "states": "states.ap-southeast-3.amazonaws.com",
      },
      "ca-central-1": {
        "states": "states.ca-central-1.amazonaws.com",
      },
      "cn-north-1": {
        "states": "states.cn-north-1.amazonaws.com",
      },
      "cn-northwest-1": {
        "states": "states.cn-northwest-1.amazonaws.com",
      },
      "eu-central-1": {
        "states": "states.eu-central-1.amazonaws.com",
      },
      "eu-central-2": {
        "states": "states.eu-central-2.amazonaws.com",
      },
      "eu-north-1": {
        "states": "states.eu-north-1.amazonaws.com",
      },
      "eu-south-1": {
        "states": "states.eu-south-1.amazonaws.com",
      },
      "eu-south-2": {
        "states": "states.eu-south-2.amazonaws.com",
      },
      "eu-west-1": {
        "states": "states.eu-west-1.amazonaws.com",
      },
      "eu-west-2": {
        "states": "states.eu-west-2.amazonaws.com",
      },
      "eu-west-3": {
        "states": "states.eu-west-3.amazonaws.com",
      },
      "me-central-1": {
        "states": "states.me-central-1.amazonaws.com",
      },
      "me-south-1": {
        "states": "states.me-south-1.amazonaws.com",
      },
      "sa-east-1": {
        "states": "states.sa-east-1.amazonaws.com",
      },
      "us-east-1": {
        "states": "states.us-east-1.amazonaws.com",
      },
      "us-east-2": {
        "states": "states.us-east-2.amazonaws.com",
      },
      "us-gov-east-1": {
        "states": "states.us-gov-east-1.amazonaws.com",
      },
      "us-gov-west-1": {
        "states": "states.us-gov-west-1.amazonaws.com",
      },
      "us-iso-east-1": {
        "states": "states.amazonaws.com",
      },
      "us-iso-west-1": {
        "states": "states.amazonaws.com",
      },
      "us-isob-east-1": {
        "states": "states.amazonaws.com",
      },
      "us-west-1": {
        "states": "states.us-west-1.amazonaws.com",
      },
      "us-west-2": {
        "states": "states.us-west-2.amazonaws.com",
      },
    },
  },
  "Outputs": {
    "MyIndextaginventoryallresourcesarnoutputFF1B3C48": {
      "Description": "Arn of tag-inventory-all-resources view",
      "Value": {
        "Fn::GetAtt": [
          "MyIndexresourceexplorerindexcustomresource6FC13F1F",
          "ViewArn",
        ],
      },
    },
  },
  "Parameters": {
    "BootstrapVersion": {
      "Default": "/cdk-bootstrap/hnb659fds/version",
      "Description": "Version of the CDK Bootstrap resources in this environment, automatically retrieved from SSM Parameter Store. [cdk:skip]",
      "Type": "AWS::SSM::Parameter::Value<String>",
    },
  },
  "Resources": {
    "MyIndexresourceexplorerindexcustomresource6FC13F1F": {
      "DeletionPolicy": "Delete",
      "Properties": {
        "AGGREGATOR_INDEX_REGION": "us-east-2",
        "ENABLED_REGIONS": [
          "us-east-1",
          "us-east-2",
          "us-west-1",
          "us-west-2",
        ],
        "ServiceToken": {
          "Fn::GetAtt": [
            "comamazonawscdkcustomresourcesresourceexplorerindexproviderframeworkonEventCA9D2DDB",
            "Arn",
          ],
        },
      },
      "Type": "Custom::ResourceExplorerIndex",
      "UpdateReplacePolicy": "Delete",
    },
    "Searchfn39BBF692": {
      "DependsOn": [
        "SearchfnServiceRoleDefaultPolicy46A0B0D1",
        "SearchfnServiceRole3456AD27",
      ],
      "Properties": {
        "Architectures": [
          "arm64",
        ],
        "Code": {
          "S3Bucket": {
            "Fn::Sub": "cdk-hnb659fds-assets-\${AWS::AccountId}-\${AWS::Region}",
          },
          "S3Key": "4f27b8111ac1f6e4f9f3d36bc2228dfe79c7fa9cf424e99c0c032d749b85d5b2.zip",
        },
        "Environment": {
          "Variables": {
            "AWS_NODEJS_CONNECTION_REUSE_ENABLED": "1",
            "LOG_LEVEL": "DEBUG",
            "VIEW_ARN": {
              "Fn::GetAtt": [
                "MyIndexresourceexplorerindexcustomresource6FC13F1F",
                "ViewArn",
              ],
            },
          },
        },
        "Handler": "index.onEvent",
        "Layers": [
          {
            "Ref": "layerslayerB10D4ECB",
          },
          {
            "Fn::Join": [
              "",
              [
                "arn:aws:lambda:",
                {
                  "Ref": "AWS::Region",
                },
                ":094274105915:layer:AWSLambdaPowertoolsTypeScript:11",
              ],
            ],
          },
        ],
        "Role": {
          "Fn::GetAtt": [
            "SearchfnServiceRole3456AD27",
            "Arn",
          ],
        },
        "Runtime": "nodejs18.x",
        "Timeout": 60,
      },
      "Type": "AWS::Lambda::Function",
    },
    "SearchfnServiceRole3456AD27": {
      "Properties": {
        "AssumeRolePolicyDocument": {
          "Statement": [
            {
              "Action": "sts:AssumeRole",
              "Effect": "Allow",
              "Principal": {
                "Service": "lambda.amazonaws.com",
              },
            },
          ],
          "Version": "2012-10-17",
        },
        "ManagedPolicyArns": [
          {
            "Fn::Join": [
              "",
              [
                "arn:",
                {
                  "Ref": "AWS::Partition",
                },
                ":iam::aws:policy/service-role/AWSLambdaBasicExecutionRole",
              ],
            ],
          },
        ],
      },
      "Type": "AWS::IAM::Role",
    },
    "SearchfnServiceRoleDefaultPolicy46A0B0D1": {
      "Properties": {
        "PolicyDocument": {
          "Statement": [
            {
              "Action": "resource-explorer-2:Search",
              "Effect": "Allow",
              "Resource": "*",
            },
          ],
          "Version": "2012-10-17",
        },
        "PolicyName": "SearchfnServiceRoleDefaultPolicy46A0B0D1",
        "Roles": [
          {
            "Ref": "SearchfnServiceRole3456AD27",
          },
        ],
      },
      "Type": "AWS::IAM::Policy",
    },
    "SpokeAccountStateMachine10567581": {
      "DeletionPolicy": "Delete",
      "DependsOn": [
        "SpokeAccountStateMachineRoleDefaultPolicyF9A051B5",
        "SpokeAccountStateMachineRole9B579215",
      ],
      "Properties": {
        "DefinitionString": "{
  "Comment": "A description of my state machine",
  "StartAt": "Initialize Next Token",
  "States": {
    "Initialize Next Token": {
      "Type": "Pass",
      "Next": "Search",
      "Result": {
        "NextToken": null
      }
    },
    "Search": {
      "Type": "Task",
      "Resource": "arn:aws:states:::lambda:invoke.waitForTaskToken",
      "OutputPath": "$.Payload",
      "Parameters": {
        "Payload.$": "$",
        "FunctionName": "\${SEARCH_FUNCTION}"
      },
      "Retry": [
        {
          "ErrorEquals": [
            "Lambda.ServiceException",
            "Lambda.AWSLambdaException",
            "Lambda.SdkClientException",
            "Lambda.TooManyRequestsException"
          ],
          "IntervalSeconds": 2,
          "MaxAttempts": 6,
          "BackoffRate": 2
        }
      ],
      "Next": "Map"
    },
    "Map": {
      "Type": "Map",
      "ItemProcessor": {
        "ProcessorConfig": {
          "Mode": "INLINE"
        },
        "StartAt": "Pass",
        "States": {
          "Pass": {
            "Type": "Pass",
            "OutputPath": "$.Arn",
            "End": true
          }
        }
      },
      "ItemsPath": "$.Resources",
      "ResultPath": null,
      "Next": "Are there more results?"
    },
    "Are there more results?": {
      "Type": "Choice",
      "Choices": [
        {
          "Variable": "$.NextToken",
          "IsPresent": true,
          "Comment": "NextToken : Present",
          "Next": "Search"
        }
      ],
      "Default": "Success"
    },
    "Success": {
      "Type": "Succeed"
    }
  }
}",
        "DefinitionSubstitutions": {
          "SEARCH_FUNCTION": {
            "Fn::GetAtt": [
              "Searchfn39BBF692",
              "Arn",
            ],
          },
        },
        "RoleArn": {
          "Fn::GetAtt": [
            "SpokeAccountStateMachineRole9B579215",
            "Arn",
          ],
        },
      },
      "Type": "AWS::StepFunctions::StateMachine",
      "UpdateReplacePolicy": "Delete",
    },
    "SpokeAccountStateMachineRole9B579215": {
      "Properties": {
        "AssumeRolePolicyDocument": {
          "Statement": [
            {
              "Action": "sts:AssumeRole",
              "Effect": "Allow",
              "Principal": {
                "Service": {
                  "Fn::FindInMap": [
                    "ServiceprincipalMap",
                    {
                      "Ref": "AWS::Region",
                    },
                    "states",
                  ],
                },
              },
            },
          ],
          "Version": "2012-10-17",
        },
      },
      "Type": "AWS::IAM::Role",
    },
    "SpokeAccountStateMachineRoleDefaultPolicyF9A051B5": {
      "Properties": {
        "PolicyDocument": {
          "Statement": [
            {
              "Action": "lambda:InvokeFunction",
              "Effect": "Allow",
              "Resource": [
                {
                  "Fn::GetAtt": [
                    "Searchfn39BBF692",
                    "Arn",
                  ],
                },
                {
                  "Fn::Join": [
                    "",
                    [
                      {
                        "Fn::GetAtt": [
                          "Searchfn39BBF692",
                          "Arn",
                        ],
                      },
                      ":*",
                    ],
                  ],
                },
              ],
            },
          ],
          "Version": "2012-10-17",
        },
        "PolicyName": "SpokeAccountStateMachineRoleDefaultPolicyF9A051B5",
        "Roles": [
          {
            "Ref": "SpokeAccountStateMachineRole9B579215",
          },
        ],
      },
      "Type": "AWS::IAM::Policy",
    },
    "comamazonawscdkcustomresourcesresourceexplorerindexproviderframeworkonEventCA9D2DDB": {
      "DependsOn": [
        "comamazonawscdkcustomresourcesresourceexplorerindexproviderframeworkonEventServiceRoleDefaultPolicy196222C7",
        "comamazonawscdkcustomresourcesresourceexplorerindexproviderframeworkonEventServiceRole6629EB69",
      ],
      "Properties": {
        "Code": {
          "S3Bucket": {
            "Fn::Sub": "cdk-hnb659fds-assets-\${AWS::AccountId}-\${AWS::Region}",
          },
          "S3Key": "8e3d635893ea17fa3158623489cd42c680fad925b38de1ef51cb10d84f6e245e.zip",
        },
        "Description": "AWS CDK resource provider framework - onEvent (test/com.amazonaws.cdk.custom-resources.resource-explorer-index-provider/resource-explorer-index-provider)",
        "Environment": {
          "Variables": {
            "USER_ON_EVENT_FUNCTION_ARN": {
              "Fn::GetAtt": [
                "comamazonawscdkcustomresourcesresourceexplorerindexproviderresourceexplorerindexfnE4EA2129",
                "Arn",
              ],
            },
          },
        },
        "Handler": "framework.onEvent",
        "Role": {
          "Fn::GetAtt": [
            "comamazonawscdkcustomresourcesresourceexplorerindexproviderframeworkonEventServiceRole6629EB69",
            "Arn",
          ],
        },
        "Runtime": "nodejs14.x",
        "Timeout": 900,
      },
      "Type": "AWS::Lambda::Function",
    },
    "comamazonawscdkcustomresourcesresourceexplorerindexproviderframeworkonEventServiceRole6629EB69": {
      "Properties": {
        "AssumeRolePolicyDocument": {
          "Statement": [
            {
              "Action": "sts:AssumeRole",
              "Effect": "Allow",
              "Principal": {
                "Service": "lambda.amazonaws.com",
              },
            },
          ],
          "Version": "2012-10-17",
        },
        "ManagedPolicyArns": [
          {
            "Fn::Join": [
              "",
              [
                "arn:",
                {
                  "Ref": "AWS::Partition",
                },
                ":iam::aws:policy/service-role/AWSLambdaBasicExecutionRole",
              ],
            ],
          },
        ],
      },
      "Type": "AWS::IAM::Role",
    },
    "comamazonawscdkcustomresourcesresourceexplorerindexproviderframeworkonEventServiceRoleDefaultPolicy196222C7": {
      "Properties": {
        "PolicyDocument": {
          "Statement": [
            {
              "Action": "lambda:InvokeFunction",
              "Effect": "Allow",
              "Resource": [
                {
                  "Fn::GetAtt": [
                    "comamazonawscdkcustomresourcesresourceexplorerindexproviderresourceexplorerindexfnE4EA2129",
                    "Arn",
                  ],
                },
                {
                  "Fn::Join": [
                    "",
                    [
                      {
                        "Fn::GetAtt": [
                          "comamazonawscdkcustomresourcesresourceexplorerindexproviderresourceexplorerindexfnE4EA2129",
                          "Arn",
                        ],
                      },
                      ":*",
                    ],
                  ],
                },
              ],
            },
          ],
          "Version": "2012-10-17",
        },
        "PolicyName": "comamazonawscdkcustomresourcesresourceexplorerindexproviderframeworkonEventServiceRoleDefaultPolicy196222C7",
        "Roles": [
          {
            "Ref": "comamazonawscdkcustomresourcesresourceexplorerindexproviderframeworkonEventServiceRole6629EB69",
          },
        ],
      },
      "Type": "AWS::IAM::Policy",
    },
    "comamazonawscdkcustomresourcesresourceexplorerindexproviderresourceexplorerindexfnE4EA2129": {
      "DependsOn": [
        "comamazonawscdkcustomresourcesresourceexplorerindexproviderresourceexplorerindexfnServiceRoleDefaultPolicy74BEE050",
        "comamazonawscdkcustomresourcesresourceexplorerindexproviderresourceexplorerindexfnServiceRole2F22B68A",
      ],
      "Properties": {
        "Architectures": [
          "arm64",
        ],
        "Code": {
          "S3Bucket": {
            "Fn::Sub": "cdk-hnb659fds-assets-\${AWS::AccountId}-\${AWS::Region}",
          },
          "S3Key": "b8e091a77bcc50bb4224e76797cf692cbdb2669fd2e6e0a8434d54ffbd9dfeb0.zip",
        },
        "Environment": {
          "Variables": {
            "AWS_NODEJS_CONNECTION_REUSE_ENABLED": "1",
          },
        },
        "Handler": "index.onEvent",
        "Layers": [
          {
            "Ref": "layerslayerB10D4ECB",
          },
        ],
        "Role": {
          "Fn::GetAtt": [
            "comamazonawscdkcustomresourcesresourceexplorerindexproviderresourceexplorerindexfnServiceRole2F22B68A",
            "Arn",
          ],
        },
        "Runtime": "nodejs18.x",
        "Timeout": 60,
      },
      "Type": "AWS::Lambda::Function",
    },
    "comamazonawscdkcustomresourcesresourceexplorerindexproviderresourceexplorerindexfnServiceRole2F22B68A": {
      "Properties": {
        "AssumeRolePolicyDocument": {
          "Statement": [
            {
              "Action": "sts:AssumeRole",
              "Effect": "Allow",
              "Principal": {
                "Service": "lambda.amazonaws.com",
              },
            },
          ],
          "Version": "2012-10-17",
        },
        "ManagedPolicyArns": [
          {
            "Fn::Join": [
              "",
              [
                "arn:",
                {
                  "Ref": "AWS::Partition",
                },
                ":iam::aws:policy/service-role/AWSLambdaBasicExecutionRole",
              ],
            ],
          },
        ],
      },
      "Type": "AWS::IAM::Role",
    },
    "comamazonawscdkcustomresourcesresourceexplorerindexproviderresourceexplorerindexfnServiceRoleDefaultPolicy74BEE050": {
      "Properties": {
        "PolicyDocument": {
          "Statement": [
            {
              "Action": [
                "resource-explorer-2:CreateView",
                "resource-explorer-2:ListViews",
                "resource-explorer-2:GetView",
                "resource-explorer-2:GetIndex",
                "resource-explorer-2:CreateIndex",
                "resource-explorer-2:UpdateIndexType",
                "resource-explorer-2:GetDefaultView",
                "resource-explorer-2:AssociateDefaultView",
              ],
              "Effect": "Allow",
              "Resource": "*",
            },
            {
              "Action": "iam:CreateServiceLinkedRole",
              "Effect": "Allow",
              "Resource": "arn:aws:iam::*:role/aws-service-role/resource-explorer-2.amazonaws.com/AWSServiceRoleForResourceExplorer",
            },
          ],
          "Version": "2012-10-17",
        },
        "PolicyName": "comamazonawscdkcustomresourcesresourceexplorerindexproviderresourceexplorerindexfnServiceRoleDefaultPolicy74BEE050",
        "Roles": [
          {
            "Ref": "comamazonawscdkcustomresourcesresourceexplorerindexproviderresourceexplorerindexfnServiceRole2F22B68A",
          },
        ],
      },
      "Type": "AWS::IAM::Policy",
    },
    "layerslayerB10D4ECB": {
      "DeletionPolicy": "Delete",
      "Properties": {
        "CompatibleArchitectures": [
          "arm64",
          "x86_64",
        ],
        "Content": {
          "S3Bucket": {
            "Fn::Sub": "cdk-hnb659fds-assets-\${AWS::AccountId}-\${AWS::Region}",
          },
          "S3Key": "2e1211f8b940b0f9f163f1d0024547982cd4cd1a113bcec9926727fd203bf9f5.zip",
        },
      },
      "Type": "AWS::Lambda::LayerVersion",
      "UpdateReplacePolicy": "Delete",
    },
  },
  "Rules": {
    "CheckBootstrapVersion": {
      "Assertions": [
        {
          "Assert": {
            "Fn::Not": [
              {
                "Fn::Contains": [
                  [
                    "1",
                    "2",
                    "3",
                    "4",
                    "5",
                  ],
                  {
                    "Ref": "BootstrapVersion",
                  },
                ],
              },
            ],
          },
          "AssertDescription": "CDK bootstrap stack version 6 required. Please run 'cdk bootstrap' with a recent version of the CDK CLI.",
        },
      ],
    },
  },
}
`;
